2026-04-10 03:29:05,083 | INFO | Device: cpu
2026-04-10 03:29:05,083 | INFO | Config: 4 clients | 3 rounds | 1 local epoch(s) | gossip fanout=2 max_hops=3 | use_hash=True
2026-04-10 03:29:05,242 | INFO | Loaded MNIST dataset | train=60000 samples | test=10000 samples
2026-04-10 03:29:05,242 | INFO | Client 0 assigned samples 0 to 500
2026-04-10 03:29:05,242 | INFO | Client 1 assigned samples 500 to 1000
2026-04-10 03:29:05,242 | INFO | Client 2 assigned samples 1000 to 1500
2026-04-10 03:29:05,242 | INFO | Client 3 assigned samples 1500 to 2000
2026-04-10 03:29:05,242 | INFO | Created 4 client loaders | batch_size=32
2026-04-10 03:29:05,242 | INFO | SmallCNN model initialized
2026-04-10 03:29:05,261 | INFO | Key generation started
2026-04-10 03:29:05,261 | INFO | SmallCNN model initialized
2026-04-10 03:29:05,265 | INFO | [client_0] keygen: 9.54 ms (pk=1312B sk=2528B)
2026-04-10 03:29:05,265 | INFO | [client_0] gossip node initialized | use_hash=True
2026-04-10 03:29:05,265 | INFO | SmallCNN model initialized
2026-04-10 03:29:05,283 | INFO | [client_1] keygen: 11.04 ms (pk=1312B sk=2528B)
2026-04-10 03:29:05,283 | INFO | [client_1] gossip node initialized | use_hash=True
2026-04-10 03:29:05,283 | INFO | SmallCNN model initialized
2026-04-10 03:29:05,304 | INFO | [client_2] keygen: 11.00 ms (pk=1312B sk=2528B)
2026-04-10 03:29:05,304 | INFO | [client_2] gossip node initialized | use_hash=True
2026-04-10 03:29:05,304 | INFO | SmallCNN model initialized
2026-04-10 03:29:05,317 | INFO | [client_3] keygen: 10.19 ms (pk=1312B sk=2528B)
2026-04-10 03:29:05,317 | INFO | [client_3] gossip node initialized | use_hash=True
2026-04-10 03:29:05,317 | INFO | Round 1/3 started
2026-04-10 03:29:05,317 | INFO | Training phase started
2026-04-10 03:29:05,728 | INFO | [client_0] trained | loss: 2.0105
2026-04-10 03:29:05,980 | INFO | [client_1] trained | loss: 1.2831
2026-04-10 03:29:06,289 | INFO | [client_2] trained | loss: 0.8323
2026-04-10 03:29:06,628 | INFO | [client_3] trained | loss: 0.5444
2026-04-10 03:29:06,630 | INFO | Signing phase started
2026-04-10 03:29:06,794 | INFO | [client_0] signed (HASHED) | 158.718 ms input=32 B update=808.3 KB sig=2420 B
2026-04-10 03:29:06,794 | INFO | [client_0] own submission stored and inbox reset
2026-04-10 03:29:06,852 | INFO | [client_1] signed (HASHED) | 55.649 ms input=32 B update=808.3 KB sig=2420 B
2026-04-10 03:29:06,852 | INFO | [client_1] own submission stored and inbox reset
2026-04-10 03:29:06,962 | INFO | [client_2] signed (HASHED) | 120.179 ms input=32 B update=808.3 KB sig=2420 B
2026-04-10 03:29:06,962 | INFO | [client_2] own submission stored and inbox reset
2026-04-10 03:29:07,030 | INFO | [client_3] signed (HASHED) | 51.154 ms input=32 B update=808.3 KB sig=2420 B
2026-04-10 03:29:07,031 | INFO | [client_3] own submission stored and inbox reset
2026-04-10 03:29:07,031 | INFO | Gossip propagation started
2026-04-10 03:29:07,031 | INFO | Gossip round state reset
2026-04-10 03:29:07,031 | INFO | [gossip] spreading update from client_0
2026-04-10 03:29:07,047 | INFO | [gossip] client_0 -> client_1 hop=1 verify=15.426 ms [OK]
2026-04-10 03:29:07,048 | INFO | [client_1] received gossip from client_0 | inbox_size=1
2026-04-10 03:29:07,069 | INFO | [gossip] client_1 -> client_2 hop=2 verify=19.488 ms [OK]
2026-04-10 03:29:07,070 | INFO | [client_2] received gossip from client_0 | inbox_size=1
2026-04-10 03:29:07,089 | INFO | [gossip] client_2 -> client_3 hop=3 verify=18.438 ms [OK]
2026-04-10 03:29:07,089 | INFO | [client_3] received gossip from client_0 | inbox_size=1
2026-04-10 03:29:07,089 | INFO | Max hops reached for message from client_0
2026-04-10 03:29:07,118 | INFO | [gossip] client_2 -> client_0 hop=3 verify=25.087 ms [OK]
2026-04-10 03:29:07,118 | INFO | [client_0] received gossip from client_0 | inbox_size=1
2026-04-10 03:29:07,118 | INFO | Gossip message from client_0 already forwarded by client_0, skipping
2026-04-10 03:29:07,138 | INFO | [gossip] client_1 -> client_0 hop=2 verify=18.502 ms [OK]
2026-04-10 03:29:07,138 | WARNING | [client_0] duplicate gossip ignored from client_0
2026-04-10 03:29:07,138 | INFO | Gossip message from client_0 already forwarded by client_0, skipping
2026-04-10 03:29:07,157 | INFO | [gossip] client_0 -> client_3 hop=1 verify=20.358 ms [OK]
2026-04-10 03:29:07,157 | WARNING | [client_3] duplicate gossip ignored from client_0
2026-04-10 03:29:07,182 | INFO | [gossip] client_3 -> client_0 hop=2 verify=18.862 ms [OK]
2026-04-10 03:29:07,183 | WARNING | [client_0] duplicate gossip ignored from client_0
2026-04-10 03:29:07,183 | INFO | Gossip message from client_0 already forwarded by client_0, skipping
2026-04-10 03:29:07,202 | INFO | [gossip] client_3 -> client_1 hop=2 verify=17.323 ms [OK]
2026-04-10 03:29:07,203 | WARNING | [client_1] duplicate gossip ignored from client_0
2026-04-10 03:29:07,203 | INFO | Gossip message from client_0 already forwarded by client_1, skipping
2026-04-10 03:29:07,203 | INFO | [gossip] spreading update from client_1
2026-04-10 03:29:07,203 | INFO | Gossip message from client_1 already forwarded by client_1, skipping
2026-04-10 03:29:07,204 | INFO | [gossip] spreading update from client_2
2026-04-10 03:29:07,204 | INFO | Gossip message from client_2 already forwarded by client_2, skipping
2026-04-10 03:29:07,204 | INFO | [gossip] spreading update from client_3
2026-04-10 03:29:07,204 | INFO | Gossip message from client_3 already forwarded by client_3, skipping
2026-04-10 03:29:07,292 | INFO | Gossip log (fanout=2 max_hops=3)
2026-04-10 03:29:07,295 | INFO | From         To           Hop   Verify (ms)    Accepted
2026-04-10 03:29:07,296 | INFO | client_0     client_1     1     15.426         True
2026-04-10 03:29:07,296 | INFO | client_1     client_2     2     19.488         True
2026-04-10 03:29:07,296 | INFO | client_2     client_3     3     18.438         True
2026-04-10 03:29:07,297 | INFO | client_2     client_0     3     25.087         True
2026-04-10 03:29:07,297 | INFO | client_1     client_0     2     18.502         True
2026-04-10 03:29:07,297 | INFO | client_0     client_3     1     20.358         True
2026-04-10 03:29:07,297 | INFO | client_3     client_0     2     18.862         True
2026-04-10 03:29:07,297 | INFO | client_3     client_1     2     17.323         True
2026-04-10 03:29:07,298 | INFO | Total gossip hops: 8
2026-04-10 03:29:07,298 | INFO | Avg gossip verify: 19.186 ms
2026-04-10 03:29:07,298 | INFO | Decentralized aggregation started
2026-04-10 03:29:07,298 | INFO | [client_0] aggregating 2 submission(s)
2026-04-10 03:29:07,303 | INFO | [client_0] local aggregation completed
2026-04-10 03:29:07,307 | INFO | [client_1] aggregating 2 submission(s)
2026-04-10 03:29:07,309 | INFO | [client_1] local aggregation completed
2026-04-10 03:29:07,310 | INFO | [client_2] aggregating 2 submission(s)
2026-04-10 03:29:07,311 | INFO | [client_2] local aggregation completed
2026-04-10 03:29:07,313 | INFO | [client_3] aggregating 2 submission(s)
2026-04-10 03:29:07,317 | INFO | [client_3] local aggregation completed
2026-04-10 03:29:07,318 | INFO | Round 1 execution time: 2.00 seconds
2026-04-10 03:29:07,318 | INFO | Round 2/3 started
2026-04-10 03:29:07,318 | INFO | Training phase started
2026-04-10 03:29:07,747 | INFO | [client_0] trained | loss: 0.4404
2026-04-10 03:29:08,115 | INFO | [client_1] trained | loss: 0.4291
2026-04-10 03:29:08,506 | INFO | [client_2] trained | loss: 0.5604
2026-04-10 03:29:08,943 | INFO | [client_3] trained | loss: 0.2884
2026-04-10 03:29:08,943 | INFO | Signing phase started
2026-04-10 03:29:09,038 | INFO | [client_0] signed (HASHED) | 88.692 ms input=32 B update=808.3 KB sig=2420 B
2026-04-10 03:29:09,038 | INFO | [client_0] own submission stored and inbox reset
2026-04-10 03:29:09,102 | INFO | [client_1] signed (HASHED) | 59.553 ms input=32 B update=808.3 KB sig=2420 B
2026-04-10 03:29:09,102 | INFO | [client_1] own submission stored and inbox reset
2026-04-10 03:29:09,176 | INFO | [client_2] signed (HASHED) | 69.854 ms input=32 B update=808.3 KB sig=2420 B
2026-04-10 03:29:09,176 | INFO | [client_2] own submission stored and inbox reset
2026-04-10 03:29:09,253 | INFO | [client_3] signed (HASHED) | 75.123 ms input=32 B update=808.3 KB sig=2420 B
2026-04-10 03:29:09,254 | INFO | [client_3] own submission stored and inbox reset
2026-04-10 03:29:09,254 | INFO | Gossip propagation started
2026-04-10 03:29:09,255 | INFO | Gossip round state reset
2026-04-10 03:29:09,255 | INFO | [gossip] spreading update from client_0
2026-04-10 03:29:09,269 | INFO | [gossip] client_0 -> client_3 hop=1 verify=15.701 ms [OK]
2026-04-10 03:29:09,269 | INFO | [client_3] received gossip from client_0 | inbox_size=1
2026-04-10 03:29:09,287 | INFO | [gossip] client_3 -> client_2 hop=2 verify=17.089 ms [OK]
2026-04-10 03:29:09,287 | INFO | [client_2] received gossip from client_0 | inbox_size=1
2026-04-10 03:29:09,305 | INFO | [gossip] client_2 -> client_1 hop=3 verify=14.122 ms [OK]
2026-04-10 03:29:09,305 | INFO | [client_1] received gossip from client_0 | inbox_size=1
2026-04-10 03:29:09,305 | INFO | Max hops reached for message from client_0
2026-04-10 03:29:09,322 | INFO | [gossip] client_2 -> client_3 hop=3 verify=15.672 ms [OK]
2026-04-10 03:29:09,322 | WARNING | [client_3] duplicate gossip ignored from client_0
2026-04-10 03:29:09,322 | INFO | Gossip message from client_0 already forwarded by client_3, skipping
2026-04-10 03:29:09,338 | INFO | [gossip] client_3 -> client_0 hop=2 verify=15.824 ms [OK]
2026-04-10 03:29:09,338 | INFO | [client_0] received gossip from client_0 | inbox_size=1
2026-04-10 03:29:09,338 | INFO | Gossip message from client_0 already forwarded by client_0, skipping
2026-04-10 03:29:09,356 | INFO | [gossip] client_0 -> client_1 hop=1 verify=16.362 ms [OK]
2026-04-10 03:29:09,356 | WARNING | [client_1] duplicate gossip ignored from client_0
2026-04-10 03:29:09,366 | INFO | [gossip] client_1 -> client_0 hop=2 verify=16.103 ms [OK]
2026-04-10 03:29:09,366 | WARNING | [client_0] duplicate gossip ignored from client_0
2026-04-10 03:29:09,366 | INFO | Gossip message from client_0 already forwarded by client_0, skipping
2026-04-10 03:29:09,401 | INFO | [gossip] client_1 -> client_3 hop=2 verify=20.223 ms [OK]
2026-04-10 03:29:09,402 | WARNING | [client_3] duplicate gossip ignored from client_0
2026-04-10 03:29:09,402 | INFO | Gossip message from client_0 already forwarded by client_3, skipping
2026-04-10 03:29:09,403 | INFO | [gossip] spreading update from client_1
2026-04-10 03:29:09,423 | INFO | [gossip] client_1 -> client_2 hop=1 verify=20.174 ms [OK]
2026-04-10 03:29:09,423 | INFO | [client_2] received gossip from client_1 | inbox_size=2
2026-04-10 03:29:09,439 | INFO | [gossip] client_2 -> client_0 hop=2 verify=17.630 ms [OK]
2026-04-10 03:29:09,439 | INFO | [client_0] received gossip from client_1 | inbox_size=2
2026-04-10 03:29:09,455 | INFO | [gossip] client_0 -> client_2 hop=3 verify=15.323 ms [OK]
2026-04-10 03:29:09,455 | WARNING | [client_2] duplicate gossip ignored from client_1
2026-04-10 03:29:09,455 | INFO | Gossip message from client_1 already forwarded by client_2, skipping
2026-04-10 03:29:09,469 | INFO | [gossip] client_0 -> client_3 hop=3 verify=14.298 ms [OK]
2026-04-10 03:29:09,469 | INFO | [client_3] received gossip from client_1 | inbox_size=2
2026-04-10 03:29:09,469 | INFO | Max hops reached for message from client_1
2026-04-10 03:29:09,491 | INFO | [gossip] client_2 -> client_1 hop=2 verify=13.152 ms [OK]
2026-04-10 03:29:09,493 | INFO | [client_1] received gossip from client_1 | inbox_size=2
2026-04-10 03:29:09,493 | INFO | Gossip message from client_1 already forwarded by client_1, skipping
2026-04-10 03:29:09,507 | INFO | [gossip] client_1 -> client_3 hop=1 verify=15.634 ms [OK]
2026-04-10 03:29:09,507 | WARNING | [client_3] duplicate gossip ignored from client_1
2026-04-10 03:29:09,523 | INFO | [gossip] client_3 -> client_1 hop=2 verify=17.188 ms [OK]
2026-04-10 03:29:09,523 | WARNING | [client_1] duplicate gossip ignored from client_1
2026-04-10 03:29:09,523 | INFO | Gossip message from client_1 already forwarded by client_1, skipping
2026-04-10 03:29:09,547 | INFO | [gossip] client_3 -> client_2 hop=2 verify=15.946 ms [OK]
2026-04-10 03:29:09,547 | WARNING | [client_2] duplicate gossip ignored from client_1
2026-04-10 03:29:09,548 | INFO | Gossip message from client_1 already forwarded by client_2, skipping
2026-04-10 03:29:09,548 | INFO | [gossip] spreading update from client_2
2026-04-10 03:29:09,568 | INFO | [gossip] client_2 -> client_3 hop=1 verify=17.594 ms [OK]
2026-04-10 03:29:09,568 | INFO | [client_3] received gossip from client_2 | inbox_size=3
2026-04-10 03:29:09,588 | INFO | [gossip] client_3 -> client_0 hop=2 verify=18.060 ms [OK]
2026-04-10 03:29:09,589 | INFO | [client_0] received gossip from client_2 | inbox_size=3
2026-04-10 03:29:09,608 | INFO | [gossip] client_0 -> client_1 hop=3 verify=20.951 ms [OK]
2026-04-10 03:29:09,608 | INFO | [client_1] received gossip from client_2 | inbox_size=3
2026-04-10 03:29:09,608 | INFO | Max hops reached for message from client_2
2026-04-10 03:29:09,632 | INFO | [gossip] client_0 -> client_2 hop=3 verify=18.565 ms [OK]
2026-04-10 03:29:09,632 | INFO | [client_2] received gossip from client_2 | inbox_size=3
2026-04-10 03:29:09,633 | INFO | Gossip message from client_2 already forwarded by client_2, skipping
2026-04-10 03:29:09,650 | INFO | [gossip] client_3 -> client_2 hop=2 verify=16.284 ms [OK]
2026-04-10 03:29:09,651 | WARNING | [client_2] duplicate gossip ignored from client_2
2026-04-10 03:29:09,651 | INFO | Gossip message from client_2 already forwarded by client_2, skipping
2026-04-10 03:29:09,669 | INFO | [gossip] client_2 -> client_1 hop=1 verify=15.616 ms [OK]
2026-04-10 03:29:09,669 | WARNING | [client_1] duplicate gossip ignored from client_2
2026-04-10 03:29:09,686 | INFO | [gossip] client_1 -> client_3 hop=2 verify=15.420 ms [OK]
2026-04-10 03:29:09,686 | WARNING | [client_3] duplicate gossip ignored from client_2
2026-04-10 03:29:09,687 | INFO | Gossip message from client_2 already forwarded by client_3, skipping
2026-04-10 03:29:09,706 | INFO | [gossip] client_1 -> client_2 hop=2 verify=18.790 ms [OK]
2026-04-10 03:29:09,706 | WARNING | [client_2] duplicate gossip ignored from client_2
2026-04-10 03:29:09,706 | INFO | Gossip message from client_2 already forwarded by client_2, skipping
2026-04-10 03:29:09,706 | INFO | [gossip] spreading update from client_3
2026-04-10 03:29:09,723 | INFO | [gossip] client_3 -> client_0 hop=1 verify=16.117 ms [OK]
2026-04-10 03:29:09,723 | INFO | [client_0] received gossip from client_3 | inbox_size=4
2026-04-10 03:29:09,738 | INFO | [gossip] client_0 -> client_3 hop=2 verify=15.695 ms [OK]
2026-04-10 03:29:09,738 | INFO | [client_3] received gossip from client_3 | inbox_size=4
2026-04-10 03:29:09,738 | INFO | Gossip message from client_3 already forwarded by client_3, skipping
2026-04-10 03:29:09,757 | INFO | [gossip] client_0 -> client_1 hop=2 verify=19.024 ms [OK]
2026-04-10 03:29:09,757 | INFO | [client_1] received gossip from client_3 | inbox_size=4
2026-04-10 03:29:09,787 | INFO | [gossip] client_1 -> client_0 hop=3 verify=23.354 ms [OK]
2026-04-10 03:29:09,787 | WARNING | [client_0] duplicate gossip ignored from client_3
2026-04-10 03:29:09,787 | INFO | Gossip message from client_3 already forwarded by client_0, skipping
2026-04-10 03:29:09,828 | INFO | [gossip] client_1 -> client_3 hop=3 verify=37.947 ms [OK]
2026-04-10 03:29:09,832 | WARNING | [client_3] duplicate gossip ignored from client_3
2026-04-10 03:29:09,834 | INFO | Gossip message from client_3 already forwarded by client_3, skipping
2026-04-10 03:29:09,883 | INFO | [gossip] client_3 -> client_2 hop=1 verify=44.688 ms [OK]
2026-04-10 03:29:09,883 | INFO | [client_2] received gossip from client_3 | inbox_size=4
2026-04-10 03:29:09,905 | INFO | [gossip] client_2 -> client_0 hop=2 verify=24.993 ms [OK]
2026-04-10 03:29:09,905 | WARNING | [client_0] duplicate gossip ignored from client_3
2026-04-10 03:29:09,905 | INFO | Gossip message from client_3 already forwarded by client_0, skipping
2026-04-10 03:29:09,939 | INFO | [gossip] client_2 -> client_1 hop=2 verify=26.451 ms [OK]
2026-04-10 03:29:09,939 | WARNING | [client_1] duplicate gossip ignored from client_3
2026-04-10 03:29:09,939 | INFO | Gossip message from client_3 already forwarded by client_1, skipping
2026-04-10 03:29:09,942 | INFO | Gossip log (fanout=2 max_hops=3)
2026-04-10 03:29:09,944 | INFO | From         To           Hop   Verify (ms)    Accepted
2026-04-10 03:29:09,947 | INFO | client_0     client_3     1     15.701         True
2026-04-10 03:29:09,947 | INFO | client_3     client_2     2     17.089         True
2026-04-10 03:29:09,947 | INFO | client_2     client_1     3     14.122         True
2026-04-10 03:29:09,948 | INFO | client_2     client_3     3     15.672         True
2026-04-10 03:29:09,948 | INFO | client_3     client_0     2     15.824         True
2026-04-10 03:29:09,948 | INFO | client_0     client_1     1     16.362         True
2026-04-10 03:29:09,949 | INFO | client_1     client_0     2     16.103         True
2026-04-10 03:29:09,949 | INFO | client_1     client_3     2     20.223         True
2026-04-10 03:29:09,949 | INFO | client_1     client_2     1     20.174         True
2026-04-10 03:29:09,949 | INFO | client_2     client_0     2     17.63          True
2026-04-10 03:29:09,949 | INFO | client_0     client_2     3     15.323         True
2026-04-10 03:29:09,950 | INFO | client_0     client_3     3     14.298         True
2026-04-10 03:29:09,950 | INFO | client_2     client_1     2     13.152         True
2026-04-10 03:29:09,950 | INFO | client_1     client_3     1     15.634         True
2026-04-10 03:29:09,951 | INFO | client_3     client_1     2     17.188         True
2026-04-10 03:29:09,951 | INFO | client_3     client_2     2     15.946         True
2026-04-10 03:29:09,951 | INFO | client_2     client_3     1     17.594         True
2026-04-10 03:29:09,952 | INFO | client_3     client_0     2     18.06          True
2026-04-10 03:29:09,952 | INFO | client_0     client_1     3     20.951         True
2026-04-10 03:29:09,952 | INFO | client_0     client_2     3     18.565         True
2026-04-10 03:29:09,952 | INFO | client_3     client_2     2     16.284         True
2026-04-10 03:29:09,952 | INFO | client_2     client_1     1     15.616         True
2026-04-10 03:29:09,952 | INFO | client_1     client_3     2     15.42          True
2026-04-10 03:29:09,952 | INFO | client_1     client_2     2     18.79          True
2026-04-10 03:29:09,952 | INFO | client_3     client_0     1     16.117         True
2026-04-10 03:29:09,952 | INFO | client_0     client_3     2     15.695         True
2026-04-10 03:29:09,954 | INFO | client_0     client_1     2     19.024         True
2026-04-10 03:29:09,954 | INFO | client_1     client_0     3     23.354         True
2026-04-10 03:29:09,954 | INFO | client_1     client_3     3     37.947         True
2026-04-10 03:29:09,954 | INFO | client_3     client_2     1     44.688         True
2026-04-10 03:29:09,954 | INFO | client_2     client_0     2     24.993         True
2026-04-10 03:29:09,954 | INFO | client_2     client_1     2     26.451         True
2026-04-10 03:29:09,954 | INFO | Total gossip hops: 32
2026-04-10 03:29:09,954 | INFO | Avg gossip verify: 19.062 ms
2026-04-10 03:29:09,954 | INFO | Decentralized aggregation started
2026-04-10 03:29:09,954 | INFO | [client_0] aggregating 5 submission(s)
2026-04-10 03:29:09,962 | INFO | [client_0] local aggregation completed
2026-04-10 03:29:09,962 | INFO | [client_1] aggregating 5 submission(s)
2026-04-10 03:29:09,968 | INFO | [client_1] local aggregation completed
2026-04-10 03:29:09,968 | INFO | [client_2] aggregating 5 submission(s)
2026-04-10 03:29:09,974 | INFO | [client_2] local aggregation completed
2026-04-10 03:29:09,975 | INFO | [client_3] aggregating 5 submission(s)
2026-04-10 03:29:09,979 | INFO | [client_3] local aggregation completed
2026-04-10 03:29:09,979 | INFO | Round 2 execution time: 2.66 seconds
2026-04-10 03:29:09,979 | INFO | Round 3/3 started
2026-04-10 03:29:09,979 | INFO | Training phase started
2026-04-10 03:29:10,277 | INFO | [client_0] trained | loss: 0.3544
2026-04-10 03:29:10,541 | INFO | [client_1] trained | loss: 0.3249
2026-04-10 03:29:10,816 | INFO | [client_2] trained | loss: 0.3886
2026-04-10 03:29:11,029 | INFO | [client_3] trained | loss: 0.2683
2026-04-10 03:29:11,029 | INFO | Signing phase started
2026-04-10 03:29:11,077 | INFO | [client_0] signed (HASHED) | 46.563 ms input=32 B update=808.3 KB sig=2420 B
2026-04-10 03:29:11,077 | INFO | [client_0] own submission stored and inbox reset
2026-04-10 03:29:11,103 | INFO | [client_1] signed (HASHED) | 30.646 ms input=32 B update=808.3 KB sig=2420 B
2026-04-10 03:29:11,103 | INFO | [client_1] own submission stored and inbox reset
2026-04-10 03:29:11,169 | INFO | [client_2] signed (HASHED) | 57.367 ms input=32 B update=808.3 KB sig=2420 B
2026-04-10 03:29:11,170 | INFO | [client_2] own submission stored and inbox reset
2026-04-10 03:29:11,296 | INFO | [client_3] signed (HASHED) | 128.743 ms input=32 B update=808.3 KB sig=2420 B
2026-04-10 03:29:11,296 | INFO | [client_3] own submission stored and inbox reset
2026-04-10 03:29:11,296 | INFO | Gossip propagation started
2026-04-10 03:29:11,296 | INFO | Gossip round state reset
2026-04-10 03:29:11,296 | INFO | [gossip] spreading update from client_0
2026-04-10 03:29:11,312 | INFO | [gossip] client_0 -> client_1 hop=1 verify=10.488 ms [OK]
2026-04-10 03:29:11,312 | INFO | [client_1] received gossip from client_0 | inbox_size=1
2026-04-10 03:29:11,325 | INFO | [gossip] client_1 -> client_0 hop=2 verify=10.154 ms [OK]
2026-04-10 03:29:11,325 | INFO | [client_0] received gossip from client_0 | inbox_size=1
2026-04-10 03:29:11,325 | INFO | Gossip message from client_0 already forwarded by client_0, skipping
2026-04-10 03:29:11,332 | INFO | [gossip] client_1 -> client_2 hop=2 verify=10.343 ms [OK]
2026-04-10 03:29:11,332 | INFO | [client_2] received gossip from client_0 | inbox_size=1
2026-04-10 03:29:11,348 | INFO | [gossip] client_2 -> client_3 hop=3 verify=10.439 ms [OK]
2026-04-10 03:29:11,349 | INFO | [client_3] received gossip from client_0 | inbox_size=1
2026-04-10 03:29:11,349 | INFO | Max hops reached for message from client_0
2026-04-10 03:29:11,360 | INFO | [gossip] client_2 -> client_1 hop=3 verify=10.828 ms [OK]
2026-04-10 03:29:11,360 | WARNING | [client_1] duplicate gossip ignored from client_0
2026-04-10 03:29:11,360 | INFO | Gossip message from client_0 already forwarded by client_1, skipping
2026-04-10 03:29:11,369 | INFO | [gossip] client_0 -> client_2 hop=1 verify=11.111 ms [OK]
2026-04-10 03:29:11,369 | WARNING | [client_2] duplicate gossip ignored from client_0
2026-04-10 03:29:11,369 | INFO | Gossip message from client_0 already forwarded by client_2, skipping
2026-04-10 03:29:11,369 | INFO | [gossip] spreading update from client_1
2026-04-10 03:29:11,388 | INFO | [gossip] client_1 -> client_3 hop=1 verify=10.644 ms [OK]
2026-04-10 03:29:11,388 | INFO | [client_3] received gossip from client_1 | inbox_size=2
2026-04-10 03:29:11,398 | INFO | [gossip] client_3 -> client_1 hop=2 verify=10.222 ms [OK]
2026-04-10 03:29:11,400 | INFO | [client_1] received gossip from client_1 | inbox_size=2
2026-04-10 03:29:11,400 | INFO | Gossip message from client_1 already forwarded by client_1, skipping
2026-04-10 03:29:11,405 | INFO | [gossip] client_3 -> client_2 hop=2 verify=9.653 ms [OK]
2026-04-10 03:29:11,405 | INFO | [client_2] received gossip from client_1 | inbox_size=2
2026-04-10 03:29:11,419 | INFO | [gossip] client_2 -> client_0 hop=3 verify=10.021 ms [OK]
2026-04-10 03:29:11,419 | INFO | [client_0] received gossip from client_1 | inbox_size=2
2026-04-10 03:29:11,419 | INFO | Max hops reached for message from client_1
2026-04-10 03:29:11,435 | INFO | [gossip] client_2 -> client_3 hop=3 verify=10.304 ms [OK]
2026-04-10 03:29:11,435 | WARNING | [client_3] duplicate gossip ignored from client_1
2026-04-10 03:29:11,436 | INFO | Gossip message from client_1 already forwarded by client_3, skipping
2026-04-10 03:29:11,438 | INFO | [gossip] client_1 -> client_2 hop=1 verify=8.896 ms [OK]
2026-04-10 03:29:11,438 | WARNING | [client_2] duplicate gossip ignored from client_1
2026-04-10 03:29:11,438 | INFO | Gossip message from client_1 already forwarded by client_2, skipping
2026-04-10 03:29:11,438 | INFO | [gossip] spreading update from client_2
2026-04-10 03:29:11,453 | INFO | [gossip] client_2 -> client_0 hop=1 verify=9.184 ms [OK]
2026-04-10 03:29:11,453 | INFO | [client_0] received gossip from client_2 | inbox_size=3
2026-04-10 03:29:11,468 | INFO | [gossip] client_0 -> client_3 hop=2 verify=9.932 ms [OK]
2026-04-10 03:29:11,469 | INFO | [client_3] received gossip from client_2 | inbox_size=3
2026-04-10 03:29:11,470 | INFO | [gossip] client_3 -> client_0 hop=3 verify=9.143 ms [OK]
2026-04-10 03:29:11,470 | WARNING | [client_0] duplicate gossip ignored from client_2
2026-04-10 03:29:11,470 | INFO | Gossip message from client_2 already forwarded by client_0, skipping
2026-04-10 03:29:11,486 | INFO | [gossip] client_3 -> client_2 hop=3 verify=10.308 ms [OK]
2026-04-10 03:29:11,486 | INFO | [client_2] received gossip from client_2 | inbox_size=3
2026-04-10 03:29:11,486 | INFO | Gossip message from client_2 already forwarded by client_2, skipping
2026-04-10 03:29:11,503 | INFO | [gossip] client_0 -> client_1 hop=2 verify=10.427 ms [OK]
2026-04-10 03:29:11,504 | INFO | [client_1] received gossip from client_2 | inbox_size=3
2026-04-10 03:29:11,504 | INFO | [gossip] client_1 -> client_2 hop=3 verify=9.221 ms [OK]
2026-04-10 03:29:11,504 | WARNING | [client_2] duplicate gossip ignored from client_2
2026-04-10 03:29:11,504 | INFO | Gossip message from client_2 already forwarded by client_2, skipping
2026-04-10 03:29:11,521 | INFO | [gossip] client_1 -> client_3 hop=3 verify=9.437 ms [OK]
2026-04-10 03:29:11,521 | WARNING | [client_3] duplicate gossip ignored from client_2
2026-04-10 03:29:11,521 | INFO | Gossip message from client_2 already forwarded by client_3, skipping
2026-04-10 03:29:11,537 | INFO | [gossip] client_2 -> client_1 hop=1 verify=11.041 ms [OK]
2026-04-10 03:29:11,537 | WARNING | [client_1] duplicate gossip ignored from client_2
2026-04-10 03:29:11,538 | INFO | Gossip message from client_2 already forwarded by client_1, skipping
2026-04-10 03:29:11,538 | INFO | [gossip] spreading update from client_3
2026-04-10 03:29:11,549 | INFO | [gossip] client_3 -> client_1 hop=1 verify=9.241 ms [OK]
2026-04-10 03:29:11,549 | INFO | [client_1] received gossip from client_3 | inbox_size=4
2026-04-10 03:29:11,556 | INFO | [gossip] client_1 -> client_2 hop=2 verify=9.346 ms [OK]
2026-04-10 03:29:11,556 | INFO | [client_2] received gossip from client_3 | inbox_size=4
2026-04-10 03:29:11,571 | INFO | [gossip] client_2 -> client_1 hop=3 verify=9.509 ms [OK]
2026-04-10 03:29:11,571 | WARNING | [client_1] duplicate gossip ignored from client_3
2026-04-10 03:29:11,571 | INFO | Gossip message from client_3 already forwarded by client_1, skipping
2026-04-10 03:29:11,582 | INFO | [gossip] client_2 -> client_0 hop=3 verify=9.241 ms [OK]
2026-04-10 03:29:11,582 | INFO | [client_0] received gossip from client_3 | inbox_size=4
2026-04-10 03:29:11,582 | INFO | Max hops reached for message from client_3
2026-04-10 03:29:11,589 | INFO | [gossip] client_1 -> client_0 hop=2 verify=9.058 ms [OK]
2026-04-10 03:29:11,589 | WARNING | [client_0] duplicate gossip ignored from client_3
2026-04-10 03:29:11,600 | INFO | [gossip] client_0 -> client_2 hop=3 verify=9.397 ms [OK]
2026-04-10 03:29:11,600 | WARNING | [client_2] duplicate gossip ignored from client_3
2026-04-10 03:29:11,600 | INFO | Gossip message from client_3 already forwarded by client_2, skipping
2026-04-10 03:29:11,611 | INFO | [gossip] client_0 -> client_3 hop=3 verify=8.886 ms [OK]
2026-04-10 03:29:11,615 | INFO | [client_3] received gossip from client_3 | inbox_size=4
2026-04-10 03:29:11,615 | INFO | Gossip message from client_3 already forwarded by client_3, skipping
2026-04-10 03:29:11,623 | INFO | [gossip] client_3 -> client_2 hop=1 verify=9.252 ms [OK]
2026-04-10 03:29:11,623 | WARNING | [client_2] duplicate gossip ignored from client_3
2026-04-10 03:29:11,623 | INFO | Gossip message from client_3 already forwarded by client_2, skipping
2026-04-10 03:29:11,628 | INFO | Gossip log (fanout=2 max_hops=3)
2026-04-10 03:29:11,630 | INFO | From         To           Hop   Verify (ms)    Accepted
2026-04-10 03:29:11,633 | INFO | client_0     client_1     1     10.488         True
2026-04-10 03:29:11,635 | INFO | client_1     client_0     2     10.154         True
2026-04-10 03:29:11,635 | INFO | client_1     client_2     2     10.343         True
2026-04-10 03:29:11,635 | INFO | client_2     client_3     3     10.439         True
2026-04-10 03:29:11,635 | INFO | client_2     client_1     3     10.828         True
2026-04-10 03:29:11,635 | INFO | client_0     client_2     1     11.111         True
2026-04-10 03:29:11,635 | INFO | client_1     client_3     1     10.644         True
2026-04-10 03:29:11,635 | INFO | client_3     client_1     2     10.222         True
2026-04-10 03:29:11,636 | INFO | client_3     client_2     2     9.653          True
2026-04-10 03:29:11,636 | INFO | client_2     client_0     3     10.021         True
2026-04-10 03:29:11,636 | INFO | client_2     client_3     3     10.304         True
2026-04-10 03:29:11,636 | INFO | client_1     client_2     1     8.896          True
2026-04-10 03:29:11,636 | INFO | client_2     client_0     1     9.184          True
2026-04-10 03:29:11,637 | INFO | client_0     client_3     2     9.932          True
2026-04-10 03:29:11,637 | INFO | client_3     client_0     3     9.143          True
2026-04-10 03:29:11,637 | INFO | client_3     client_2     3     10.308         True
2026-04-10 03:29:11,637 | INFO | client_0     client_1     2     10.427         True
2026-04-10 03:29:11,637 | INFO | client_1     client_2     3     9.221          True
2026-04-10 03:29:11,638 | INFO | client_1     client_3     3     9.437          True
2026-04-10 03:29:11,638 | INFO | client_2     client_1     1     11.041         True
2026-04-10 03:29:11,638 | INFO | client_3     client_1     1     9.241          True
2026-04-10 03:29:11,638 | INFO | client_1     client_2     2     9.346          True
2026-04-10 03:29:11,638 | INFO | client_2     client_1     3     9.509          True
2026-04-10 03:29:11,638 | INFO | client_2     client_0     3     9.241          True
2026-04-10 03:29:11,639 | INFO | client_1     client_0     2     9.058          True
2026-04-10 03:29:11,639 | INFO | client_0     client_2     3     9.397          True
2026-04-10 03:29:11,639 | INFO | client_0     client_3     3     8.886          True
2026-04-10 03:29:11,639 | INFO | client_3     client_2     1     9.252          True
2026-04-10 03:29:11,639 | INFO | Total gossip hops: 28
2026-04-10 03:29:11,640 | INFO | Avg gossip verify: 9.847 ms
2026-04-10 03:29:11,640 | INFO | Decentralized aggregation started
2026-04-10 03:29:11,640 | INFO | [client_0] aggregating 5 submission(s)
2026-04-10 03:29:11,640 | INFO | [client_0] local aggregation completed
2026-04-10 03:29:11,640 | INFO | [client_1] aggregating 5 submission(s)
2026-04-10 03:29:11,650 | INFO | [client_1] local aggregation completed
2026-04-10 03:29:11,651 | INFO | [client_2] aggregating 5 submission(s)
2026-04-10 03:29:11,654 | INFO | [client_2] local aggregation completed
2026-04-10 03:29:11,654 | INFO | [client_3] aggregating 5 submission(s)
2026-04-10 03:29:11,657 | INFO | [client_3] local aggregation completed
2026-04-10 03:29:11,657 | INFO | Round 3 execution time: 1.68 seconds
2026-04-10 03:29:11,657 | INFO | Total execution time: 6.57 seconds
2026-04-10 03:29:11,657 | INFO | No server timings available (fully decentralized mode).
2026-04-10 03:33:11,940 | INFO | Device: cpu
2026-04-10 03:33:11,940 | INFO | Config: 4 clients | 3 rounds | 1 local epoch(s) | gossip fanout=2 max_hops=3 | use_hash=True
2026-04-10 03:33:12,009 | INFO | Loaded MNIST dataset | train=60000 samples | test=10000 samples
2026-04-10 03:33:12,009 | INFO | Client 0 assigned samples 0 to 500
2026-04-10 03:33:12,009 | INFO | Client 1 assigned samples 500 to 1000
2026-04-10 03:33:12,010 | INFO | Client 2 assigned samples 1000 to 1500
2026-04-10 03:33:12,010 | INFO | Client 3 assigned samples 1500 to 2000
2026-04-10 03:33:12,010 | INFO | Created 4 client loaders | batch_size=32
2026-04-10 03:33:12,010 | INFO | SmallCNN model initialized
2026-04-10 03:33:12,013 | INFO | Key generation started
2026-04-10 03:33:12,014 | INFO | SmallCNN model initialized
2026-04-10 03:33:12,024 | INFO | [client_0] keygen: 7.80 ms (pk=1312B sk=2528B)
2026-04-10 03:33:12,024 | INFO | [client_0] gossip node initialized | use_hash=True
2026-04-10 03:33:12,024 | INFO | SmallCNN model initialized
2026-04-10 03:33:12,034 | INFO | [client_1] keygen: 6.27 ms (pk=1312B sk=2528B)
2026-04-10 03:33:12,034 | INFO | [client_1] gossip node initialized | use_hash=True
2026-04-10 03:33:12,034 | INFO | SmallCNN model initialized
2026-04-10 03:33:12,047 | INFO | [client_2] keygen: 9.18 ms (pk=1312B sk=2528B)
2026-04-10 03:33:12,047 | INFO | [client_2] gossip node initialized | use_hash=True
2026-04-10 03:33:12,048 | INFO | SmallCNN model initialized
2026-04-10 03:33:12,049 | INFO | [client_3] keygen: 6.55 ms (pk=1312B sk=2528B)
2026-04-10 03:33:12,049 | INFO | [client_3] gossip node initialized | use_hash=True
2026-04-10 03:33:12,057 | INFO | Round 1/3 started
2026-04-10 03:33:12,057 | INFO | Training phase started
2026-04-10 03:33:12,240 | INFO | [client_0] trained | loss: 1.8760
2026-04-10 03:33:12,419 | INFO | [client_1] trained | loss: 0.9864
2026-04-10 03:33:12,591 | INFO | [client_2] trained | loss: 0.7240
2026-04-10 03:33:12,764 | INFO | [client_3] trained | loss: 0.4420
2026-04-10 03:33:12,765 | INFO | Signing phase started
2026-04-10 03:33:12,779 | INFO | [client_0] signed (HASHED) | 18.725 ms input=32 B update=808.3 KB sig=2420 B
2026-04-10 03:33:12,779 | INFO | [client_0] own submission stored and inbox reset
2026-04-10 03:33:12,809 | INFO | [client_1] signed (HASHED) | 21.105 ms input=32 B update=808.3 KB sig=2420 B
2026-04-10 03:33:12,809 | INFO | [client_1] own submission stored and inbox reset
2026-04-10 03:33:12,830 | INFO | [client_2] signed (HASHED) | 29.079 ms input=32 B update=808.3 KB sig=2420 B
2026-04-10 03:33:12,830 | INFO | [client_2] own submission stored and inbox reset
2026-04-10 03:33:12,893 | INFO | [client_3] signed (HASHED) | 54.931 ms input=32 B update=808.3 KB sig=2420 B
2026-04-10 03:33:12,893 | INFO | [client_3] own submission stored and inbox reset
2026-04-10 03:33:12,893 | INFO | Gossip propagation started
2026-04-10 03:33:12,893 | INFO | Gossip round state reset
2026-04-10 03:33:12,893 | INFO | [gossip] spreading update from client_0
2026-04-10 03:33:12,893 | INFO | [gossip] client_0 -> client_2 hop=1 verify=8.003 ms [OK]
2026-04-10 03:33:12,893 | INFO | [client_2] received gossip from client_0 | inbox_size=1
2026-04-10 03:33:12,918 | INFO | [gossip] client_2 -> client_1 hop=2 verify=12.122 ms [OK]
2026-04-10 03:33:12,918 | INFO | [client_1] received gossip from client_0 | inbox_size=1
2026-04-10 03:33:12,931 | INFO | [gossip] client_1 -> client_3 hop=3 verify=11.223 ms [OK]
2026-04-10 03:33:12,931 | INFO | [client_3] received gossip from client_0 | inbox_size=1
2026-04-10 03:33:12,931 | INFO | Max hops reached for message from client_0
2026-04-10 03:33:12,940 | INFO | [gossip] client_1 -> client_2 hop=3 verify=8.456 ms [OK]
2026-04-10 03:33:12,941 | WARNING | [client_2] duplicate gossip ignored from client_0
2026-04-10 03:33:12,941 | INFO | Gossip message from client_0 already forwarded by client_2, skipping
2026-04-10 03:33:12,953 | INFO | [gossip] client_2 -> client_3 hop=2 verify=10.488 ms [OK]
2026-04-10 03:33:12,953 | WARNING | [client_3] duplicate gossip ignored from client_0
2026-04-10 03:33:12,964 | INFO | [gossip] client_3 -> client_2 hop=3 verify=11.424 ms [OK]
2026-04-10 03:33:12,965 | WARNING | [client_2] duplicate gossip ignored from client_0
2026-04-10 03:33:12,965 | INFO | Gossip message from client_0 already forwarded by client_2, skipping
2026-04-10 03:33:12,975 | INFO | [gossip] client_3 -> client_1 hop=3 verify=8.219 ms [OK]
2026-04-10 03:33:12,975 | WARNING | [client_1] duplicate gossip ignored from client_0
2026-04-10 03:33:12,975 | INFO | Gossip message from client_0 already forwarded by client_1, skipping
2026-04-10 03:33:12,982 | INFO | [gossip] client_0 -> client_3 hop=1 verify=8.133 ms [OK]
2026-04-10 03:33:12,982 | WARNING | [client_3] duplicate gossip ignored from client_0
2026-04-10 03:33:12,982 | INFO | Gossip message from client_0 already forwarded by client_3, skipping
2026-04-10 03:33:12,982 | INFO | [gossip] spreading update from client_1
2026-04-10 03:33:12,982 | INFO | Gossip message from client_1 already forwarded by client_1, skipping
2026-04-10 03:33:12,982 | INFO | [gossip] spreading update from client_2
2026-04-10 03:33:12,982 | INFO | Gossip message from client_2 already forwarded by client_2, skipping
2026-04-10 03:33:12,982 | INFO | [gossip] spreading update from client_3
2026-04-10 03:33:12,985 | INFO | Gossip message from client_3 already forwarded by client_3, skipping
2026-04-10 03:33:12,985 | INFO | ------------------------------------------------------
2026-04-10 03:33:12,985 | INFO | Gossip log (fanout=2 max_hops=3)
2026-04-10 03:33:12,985 | INFO | ------------------------------------------------------
2026-04-10 03:33:12,985 | INFO | From         To           Hop   Verify (ms)    Accepted
2026-04-10 03:33:12,985 | INFO | ------------------------------------------------------
2026-04-10 03:33:12,985 | INFO | client_0     client_2     1     8.003          True
2026-04-10 03:33:12,985 | INFO | client_2     client_1     2     12.122         True
2026-04-10 03:33:12,985 | INFO | client_1     client_3     3     11.223         True
2026-04-10 03:33:12,986 | INFO | client_1     client_2     3     8.456          True
2026-04-10 03:33:12,986 | INFO | client_2     client_3     2     10.488         True
2026-04-10 03:33:12,986 | INFO | client_3     client_2     3     11.424         True
2026-04-10 03:33:12,986 | INFO | client_3     client_1     3     8.219          True
2026-04-10 03:33:12,986 | INFO | client_0     client_3     1     8.133          True
2026-04-10 03:33:12,986 | INFO | Total gossip hops: 8
2026-04-10 03:33:12,986 | INFO | Avg gossip verify: 9.758 ms
2026-04-10 03:33:12,986 | INFO | Decentralized aggregation started
2026-04-10 03:33:12,986 | INFO | [client_0] aggregating 1 submission(s)
2026-04-10 03:33:12,988 | INFO | [client_0] local aggregation completed
2026-04-10 03:33:12,988 | INFO | [client_1] aggregating 2 submission(s)
2026-04-10 03:33:12,989 | INFO | [client_1] local aggregation completed
2026-04-10 03:33:12,990 | INFO | [client_2] aggregating 2 submission(s)
2026-04-10 03:33:12,993 | INFO | [client_2] local aggregation completed
2026-04-10 03:33:12,993 | INFO | [client_3] aggregating 2 submission(s)
2026-04-10 03:33:12,995 | INFO | [client_3] local aggregation completed
2026-04-10 03:33:12,995 | INFO | Round 1 execution time: 0.94 seconds
2026-04-10 03:33:12,995 | INFO | Round 2/3 started
2026-04-10 03:33:12,995 | INFO | Training phase started
2026-04-10 03:33:13,226 | INFO | [client_0] trained | loss: 0.4074
2026-04-10 03:33:13,459 | INFO | [client_1] trained | loss: 0.3592
2026-04-10 03:33:13,641 | INFO | [client_2] trained | loss: 0.3927
2026-04-10 03:33:13,843 | INFO | [client_3] trained | loss: 0.2344
2026-04-10 03:33:13,844 | INFO | Signing phase started
2026-04-10 03:33:13,941 | INFO | [client_0] signed (HASHED) | 109.811 ms input=32 B update=808.3 KB sig=2420 B
2026-04-10 03:33:13,941 | INFO | [client_0] own submission stored and inbox reset
2026-04-10 03:33:14,001 | INFO | [client_1] signed (HASHED) | 45.474 ms input=32 B update=808.3 KB sig=2420 B
2026-04-10 03:33:14,002 | INFO | [client_1] own submission stored and inbox reset
2026-04-10 03:33:14,045 | INFO | [client_2] signed (HASHED) | 42.507 ms input=32 B update=808.3 KB sig=2420 B
2026-04-10 03:33:14,045 | INFO | [client_2] own submission stored and inbox reset
2026-04-10 03:33:14,076 | INFO | [client_3] signed (HASHED) | 39.830 ms input=32 B update=808.3 KB sig=2420 B
2026-04-10 03:33:14,076 | INFO | [client_3] own submission stored and inbox reset
2026-04-10 03:33:14,076 | INFO | Gossip propagation started
2026-04-10 03:33:14,076 | INFO | Gossip round state reset
2026-04-10 03:33:14,076 | INFO | [gossip] spreading update from client_0
2026-04-10 03:33:14,092 | INFO | [gossip] client_0 -> client_2 hop=1 verify=7.967 ms [OK]
2026-04-10 03:33:14,092 | INFO | [client_2] received gossip from client_0 | inbox_size=1
2026-04-10 03:33:14,104 | INFO | [gossip] client_2 -> client_3 hop=2 verify=7.382 ms [OK]
2026-04-10 03:33:14,104 | INFO | [client_3] received gossip from client_0 | inbox_size=1
2026-04-10 03:33:14,112 | INFO | [gossip] client_3 -> client_1 hop=3 verify=8.455 ms [OK]
2026-04-10 03:33:14,112 | INFO | [client_1] received gossip from client_0 | inbox_size=1
2026-04-10 03:33:14,112 | INFO | Max hops reached for message from client_0
2026-04-10 03:33:14,112 | INFO | [gossip] client_3 -> client_2 hop=3 verify=7.209 ms [OK]
2026-04-10 03:33:14,124 | WARNING | [client_2] duplicate gossip ignored from client_0
2026-04-10 03:33:14,124 | INFO | Gossip message from client_0 already forwarded by client_2, skipping
2026-04-10 03:33:14,133 | INFO | [gossip] client_2 -> client_0 hop=2 verify=8.629 ms [OK]
2026-04-10 03:33:14,133 | INFO | [client_0] received gossip from client_0 | inbox_size=1
2026-04-10 03:33:14,133 | INFO | Gossip message from client_0 already forwarded by client_0, skipping
2026-04-10 03:33:14,145 | INFO | [gossip] client_0 -> client_3 hop=1 verify=9.533 ms [OK]
2026-04-10 03:33:14,145 | WARNING | [client_3] duplicate gossip ignored from client_0
2026-04-10 03:33:14,145 | INFO | Gossip message from client_0 already forwarded by client_3, skipping
2026-04-10 03:33:14,146 | INFO | [gossip] spreading update from client_1
2026-04-10 03:33:14,152 | INFO | [gossip] client_1 -> client_0 hop=1 verify=8.093 ms [OK]
2026-04-10 03:33:14,152 | INFO | [client_0] received gossip from client_1 | inbox_size=2
2026-04-10 03:33:14,165 | INFO | [gossip] client_0 -> client_1 hop=2 verify=8.768 ms [OK]
2026-04-10 03:33:14,165 | INFO | [client_1] received gossip from client_1 | inbox_size=2
2026-04-10 03:33:14,165 | INFO | Gossip message from client_1 already forwarded by client_1, skipping
2026-04-10 03:33:14,168 | INFO | [gossip] client_0 -> client_2 hop=2 verify=7.213 ms [OK]
2026-04-10 03:33:14,168 | INFO | [client_2] received gossip from client_1 | inbox_size=2
2026-04-10 03:33:14,182 | INFO | [gossip] client_2 -> client_3 hop=3 verify=8.733 ms [OK]
2026-04-10 03:33:14,182 | INFO | [client_3] received gossip from client_1 | inbox_size=2
2026-04-10 03:33:14,182 | INFO | Max hops reached for message from client_1
2026-04-10 03:33:14,192 | INFO | [gossip] client_2 -> client_1 hop=3 verify=8.149 ms [OK]
2026-04-10 03:33:14,193 | WARNING | [client_1] duplicate gossip ignored from client_1
2026-04-10 03:33:14,193 | INFO | Gossip message from client_1 already forwarded by client_1, skipping
2026-04-10 03:33:14,201 | INFO | [gossip] client_1 -> client_3 hop=1 verify=7.844 ms [OK]
2026-04-10 03:33:14,201 | WARNING | [client_3] duplicate gossip ignored from client_1
2026-04-10 03:33:14,210 | INFO | [gossip] client_3 -> client_1 hop=2 verify=7.304 ms [OK]
2026-04-10 03:33:14,210 | WARNING | [client_1] duplicate gossip ignored from client_1
2026-04-10 03:33:14,211 | INFO | Gossip message from client_1 already forwarded by client_1, skipping
2026-04-10 03:33:14,211 | INFO | [gossip] client_3 -> client_0 hop=2 verify=7.404 ms [OK]
2026-04-10 03:33:14,211 | WARNING | [client_0] duplicate gossip ignored from client_1
2026-04-10 03:33:14,211 | INFO | Gossip message from client_1 already forwarded by client_0, skipping
2026-04-10 03:33:14,211 | INFO | [gossip] spreading update from client_2
2026-04-10 03:33:14,229 | INFO | [gossip] client_2 -> client_3 hop=1 verify=8.576 ms [OK]
2026-04-10 03:33:14,229 | INFO | [client_3] received gossip from client_2 | inbox_size=3
2026-04-10 03:33:14,233 | INFO | [gossip] client_3 -> client_1 hop=2 verify=7.293 ms [OK]
2026-04-10 03:33:14,233 | INFO | [client_1] received gossip from client_2 | inbox_size=3
2026-04-10 03:33:14,247 | INFO | [gossip] client_1 -> client_3 hop=3 verify=8.340 ms [OK]
2026-04-10 03:33:14,248 | WARNING | [client_3] duplicate gossip ignored from client_2
2026-04-10 03:33:14,248 | INFO | Gossip message from client_2 already forwarded by client_3, skipping
2026-04-10 03:33:14,250 | INFO | [gossip] client_1 -> client_0 hop=3 verify=7.232 ms [OK]
2026-04-10 03:33:14,250 | INFO | [client_0] received gossip from client_2 | inbox_size=3
2026-04-10 03:33:14,250 | INFO | Max hops reached for message from client_2
2026-04-10 03:33:14,264 | INFO | [gossip] client_3 -> client_2 hop=2 verify=7.913 ms [OK]
2026-04-10 03:33:14,264 | INFO | [client_2] received gossip from client_2 | inbox_size=3
2026-04-10 03:33:14,264 | INFO | Gossip message from client_2 already forwarded by client_2, skipping
2026-04-10 03:33:14,274 | INFO | [gossip] client_2 -> client_1 hop=1 verify=7.199 ms [OK]
2026-04-10 03:33:14,274 | WARNING | [client_1] duplicate gossip ignored from client_2
2026-04-10 03:33:14,274 | INFO | Gossip message from client_2 already forwarded by client_1, skipping
2026-04-10 03:33:14,274 | INFO | [gossip] spreading update from client_3
2026-04-10 03:33:14,282 | INFO | [gossip] client_3 -> client_2 hop=1 verify=7.681 ms [OK]
2026-04-10 03:33:14,282 | INFO | [client_2] received gossip from client_3 | inbox_size=4
2026-04-10 03:33:14,293 | INFO | [gossip] client_2 -> client_0 hop=2 verify=8.182 ms [OK]
2026-04-10 03:33:14,293 | INFO | [client_0] received gossip from client_3 | inbox_size=4
2026-04-10 03:33:14,296 | INFO | [gossip] client_0 -> client_3 hop=3 verify=7.711 ms [OK]
2026-04-10 03:33:14,296 | INFO | [client_3] received gossip from client_3 | inbox_size=4
2026-04-10 03:33:14,296 | INFO | Gossip message from client_3 already forwarded by client_3, skipping
2026-04-10 03:33:14,314 | INFO | [gossip] client_0 -> client_1 hop=3 verify=9.814 ms [OK]
2026-04-10 03:33:14,314 | INFO | [client_1] received gossip from client_3 | inbox_size=4
2026-04-10 03:33:14,314 | INFO | Max hops reached for message from client_3
2026-04-10 03:33:14,320 | INFO | [gossip] client_2 -> client_1 hop=2 verify=7.339 ms [OK]
2026-04-10 03:33:14,320 | WARNING | [client_1] duplicate gossip ignored from client_3
2026-04-10 03:33:14,330 | INFO | [gossip] client_1 -> client_2 hop=3 verify=8.356 ms [OK]
2026-04-10 03:33:14,330 | WARNING | [client_2] duplicate gossip ignored from client_3
2026-04-10 03:33:14,330 | INFO | Gossip message from client_3 already forwarded by client_2, skipping
2026-04-10 03:33:14,330 | INFO | [gossip] client_1 -> client_3 hop=3 verify=6.935 ms [OK]
2026-04-10 03:33:14,330 | WARNING | [client_3] duplicate gossip ignored from client_3
2026-04-10 03:33:14,330 | INFO | Gossip message from client_3 already forwarded by client_3, skipping
2026-04-10 03:33:14,347 | INFO | [gossip] client_3 -> client_0 hop=1 verify=7.881 ms [OK]
2026-04-10 03:33:14,347 | WARNING | [client_0] duplicate gossip ignored from client_3
2026-04-10 03:33:14,347 | INFO | Gossip message from client_3 already forwarded by client_0, skipping
2026-04-10 03:33:14,347 | INFO | ------------------------------------------------------
2026-04-10 03:33:14,347 | INFO | Gossip log (fanout=2 max_hops=3)
2026-04-10 03:33:14,347 | INFO | ------------------------------------------------------
2026-04-10 03:33:14,351 | INFO | From         To           Hop   Verify (ms)    Accepted
2026-04-10 03:33:14,351 | INFO | ------------------------------------------------------
2026-04-10 03:33:14,351 | INFO | client_0     client_2     1     7.967          True
2026-04-10 03:33:14,351 | INFO | client_2     client_3     2     7.382          True
2026-04-10 03:33:14,351 | INFO | client_3     client_1     3     8.455          True
2026-04-10 03:33:14,352 | INFO | client_3     client_2     3     7.209          True
2026-04-10 03:33:14,352 | INFO | client_2     client_0     2     8.629          True
2026-04-10 03:33:14,352 | INFO | client_0     client_3     1     9.533          True
2026-04-10 03:33:14,352 | INFO | client_1     client_0     1     8.093          True
2026-04-10 03:33:14,352 | INFO | client_0     client_1     2     8.768          True
2026-04-10 03:33:14,353 | INFO | client_0     client_2     2     7.213          True
2026-04-10 03:33:14,354 | INFO | client_2     client_3     3     8.733          True
2026-04-10 03:33:14,354 | INFO | client_2     client_1     3     8.149          True
2026-04-10 03:33:14,354 | INFO | client_1     client_3     1     7.844          True
2026-04-10 03:33:14,354 | INFO | client_3     client_1     2     7.304          True
2026-04-10 03:33:14,354 | INFO | client_3     client_0     2     7.404          True
2026-04-10 03:33:14,355 | INFO | client_2     client_3     1     8.576          True
2026-04-10 03:33:14,355 | INFO | client_3     client_1     2     7.293          True
2026-04-10 03:33:14,355 | INFO | client_1     client_3     3     8.34           True
2026-04-10 03:33:14,355 | INFO | client_1     client_0     3     7.232          True
2026-04-10 03:33:14,355 | INFO | client_3     client_2     2     7.913          True
2026-04-10 03:33:14,356 | INFO | client_2     client_1     1     7.199          True
2026-04-10 03:33:14,356 | INFO | client_3     client_2     1     7.681          True
2026-04-10 03:33:14,356 | INFO | client_2     client_0     2     8.182          True
2026-04-10 03:33:14,356 | INFO | client_0     client_3     3     7.711          True
2026-04-10 03:33:14,356 | INFO | client_0     client_1     3     9.814          True
2026-04-10 03:33:14,356 | INFO | client_2     client_1     2     7.339          True
2026-04-10 03:33:14,356 | INFO | client_1     client_2     3     8.356          True
2026-04-10 03:33:14,356 | INFO | client_1     client_3     3     6.935          True
2026-04-10 03:33:14,356 | INFO | client_3     client_0     1     7.881          True
2026-04-10 03:33:14,356 | INFO | Total gossip hops: 28
2026-04-10 03:33:14,356 | INFO | Avg gossip verify: 7.969 ms
2026-04-10 03:33:14,356 | INFO | Decentralized aggregation started
2026-04-10 03:33:14,356 | INFO | [client_0] aggregating 5 submission(s)
2026-04-10 03:33:14,360 | INFO | [client_0] local aggregation completed
2026-04-10 03:33:14,360 | INFO | [client_1] aggregating 5 submission(s)
2026-04-10 03:33:14,364 | INFO | [client_1] local aggregation completed
2026-04-10 03:33:14,364 | INFO | [client_2] aggregating 5 submission(s)
2026-04-10 03:33:14,367 | INFO | [client_2] local aggregation completed
2026-04-10 03:33:14,367 | INFO | [client_3] aggregating 5 submission(s)
2026-04-10 03:33:14,371 | INFO | [client_3] local aggregation completed
2026-04-10 03:33:14,371 | INFO | Round 2 execution time: 1.38 seconds
2026-04-10 03:33:14,371 | INFO | Round 3/3 started
2026-04-10 03:33:14,371 | INFO | Training phase started
2026-04-10 03:33:14,542 | INFO | [client_0] trained | loss: 0.2593
2026-04-10 03:33:14,713 | INFO | [client_1] trained | loss: 0.2687
2026-04-10 03:33:14,892 | INFO | [client_2] trained | loss: 0.2779
2026-04-10 03:33:15,072 | INFO | [client_3] trained | loss: 0.1491
2026-04-10 03:33:15,073 | INFO | Signing phase started
2026-04-10 03:33:15,095 | INFO | [client_0] signed (HASHED) | 30.679 ms input=32 B update=808.3 KB sig=2420 B
2026-04-10 03:33:15,095 | INFO | [client_0] own submission stored and inbox reset
2026-04-10 03:33:15,182 | INFO | [client_1] signed (HASHED) | 76.337 ms input=32 B update=808.3 KB sig=2420 B
2026-04-10 03:33:15,182 | INFO | [client_1] own submission stored and inbox reset
2026-04-10 03:33:15,266 | INFO | [client_2] signed (HASHED) | 82.499 ms input=32 B update=808.3 KB sig=2420 B
2026-04-10 03:33:15,266 | INFO | [client_2] own submission stored and inbox reset
2026-04-10 03:33:15,319 | INFO | [client_3] signed (HASHED) | 51.842 ms input=32 B update=808.3 KB sig=2420 B
2026-04-10 03:33:15,320 | INFO | [client_3] own submission stored and inbox reset
2026-04-10 03:33:15,320 | INFO | Gossip propagation started
2026-04-10 03:33:15,320 | INFO | Gossip round state reset
2026-04-10 03:33:15,320 | INFO | [gossip] spreading update from client_0
2026-04-10 03:33:15,330 | INFO | [gossip] client_0 -> client_1 hop=1 verify=8.530 ms [OK]
2026-04-10 03:33:15,330 | INFO | [client_1] received gossip from client_0 | inbox_size=1
2026-04-10 03:33:15,341 | INFO | [gossip] client_1 -> client_2 hop=2 verify=10.303 ms [OK]
2026-04-10 03:33:15,341 | INFO | [client_2] received gossip from client_0 | inbox_size=1
2026-04-10 03:33:15,345 | INFO | [gossip] client_2 -> client_1 hop=3 verify=8.393 ms [OK]
2026-04-10 03:33:15,345 | WARNING | [client_1] duplicate gossip ignored from client_0
2026-04-10 03:33:15,345 | INFO | Gossip message from client_0 already forwarded by client_1, skipping
2026-04-10 03:33:15,360 | INFO | [gossip] client_2 -> client_3 hop=3 verify=8.125 ms [OK]
2026-04-10 03:33:15,360 | INFO | [client_3] received gossip from client_0 | inbox_size=1
2026-04-10 03:33:15,361 | INFO | Max hops reached for message from client_0
2026-04-10 03:33:15,368 | INFO | [gossip] client_1 -> client_0 hop=2 verify=7.636 ms [OK]
2026-04-10 03:33:15,368 | INFO | [client_0] received gossip from client_0 | inbox_size=1
2026-04-10 03:33:15,368 | INFO | Gossip message from client_0 already forwarded by client_0, skipping
2026-04-10 03:33:15,378 | INFO | [gossip] client_0 -> client_3 hop=1 verify=7.449 ms [OK]
2026-04-10 03:33:15,378 | WARNING | [client_3] duplicate gossip ignored from client_0
2026-04-10 03:33:15,384 | INFO | [gossip] client_3 -> client_0 hop=2 verify=7.380 ms [OK]
2026-04-10 03:33:15,384 | WARNING | [client_0] duplicate gossip ignored from client_0
2026-04-10 03:33:15,384 | INFO | Gossip message from client_0 already forwarded by client_0, skipping
2026-04-10 03:33:15,397 | INFO | [gossip] client_3 -> client_1 hop=2 verify=8.788 ms [OK]
2026-04-10 03:33:15,397 | WARNING | [client_1] duplicate gossip ignored from client_0
2026-04-10 03:33:15,397 | INFO | Gossip message from client_0 already forwarded by client_1, skipping
2026-04-10 03:33:15,398 | INFO | [gossip] spreading update from client_1
2026-04-10 03:33:15,401 | INFO | [gossip] client_1 -> client_2 hop=1 verify=7.294 ms [OK]
2026-04-10 03:33:15,401 | INFO | [client_2] received gossip from client_1 | inbox_size=2
2026-04-10 03:33:15,413 | INFO | [gossip] client_2 -> client_3 hop=2 verify=8.315 ms [OK]
2026-04-10 03:33:15,413 | INFO | [client_3] received gossip from client_1 | inbox_size=2
2026-04-10 03:33:15,424 | INFO | [gossip] client_3 -> client_2 hop=3 verify=7.242 ms [OK]
2026-04-10 03:33:15,424 | WARNING | [client_2] duplicate gossip ignored from client_1
2026-04-10 03:33:15,424 | INFO | Gossip message from client_1 already forwarded by client_2, skipping
2026-04-10 03:33:15,432 | INFO | [gossip] client_3 -> client_1 hop=3 verify=7.375 ms [OK]
2026-04-10 03:33:15,433 | INFO | [client_1] received gossip from client_1 | inbox_size=2
2026-04-10 03:33:15,433 | INFO | Gossip message from client_1 already forwarded by client_1, skipping
2026-04-10 03:33:15,441 | INFO | [gossip] client_2 -> client_0 hop=2 verify=7.442 ms [OK]
2026-04-10 03:33:15,441 | INFO | [client_0] received gossip from client_1 | inbox_size=2
2026-04-10 03:33:15,450 | INFO | [gossip] client_0 -> client_3 hop=3 verify=7.677 ms [OK]
2026-04-10 03:33:15,450 | WARNING | [client_3] duplicate gossip ignored from client_1
2026-04-10 03:33:15,450 | INFO | Gossip message from client_1 already forwarded by client_3, skipping
2026-04-10 03:33:15,459 | INFO | [gossip] client_0 -> client_1 hop=3 verify=7.308 ms [OK]
2026-04-10 03:33:15,459 | WARNING | [client_1] duplicate gossip ignored from client_1
2026-04-10 03:33:15,459 | INFO | Gossip message from client_1 already forwarded by client_1, skipping
2026-04-10 03:33:15,466 | INFO | [gossip] client_1 -> client_0 hop=1 verify=7.571 ms [OK]
2026-04-10 03:33:15,466 | WARNING | [client_0] duplicate gossip ignored from client_1
2026-04-10 03:33:15,466 | INFO | Gossip message from client_1 already forwarded by client_0, skipping
2026-04-10 03:33:15,466 | INFO | [gossip] spreading update from client_2
2026-04-10 03:33:15,477 | INFO | [gossip] client_2 -> client_1 hop=1 verify=7.538 ms [OK]
2026-04-10 03:33:15,477 | INFO | [client_1] received gossip from client_2 | inbox_size=3
2026-04-10 03:33:15,484 | INFO | [gossip] client_1 -> client_2 hop=2 verify=7.700 ms [OK]
2026-04-10 03:33:15,484 | INFO | [client_2] received gossip from client_2 | inbox_size=3
2026-04-10 03:33:15,484 | INFO | Gossip message from client_2 already forwarded by client_2, skipping
2026-04-10 03:33:15,495 | INFO | [gossip] client_1 -> client_3 hop=2 verify=7.697 ms [OK]
2026-04-10 03:33:15,495 | INFO | [client_3] received gossip from client_2 | inbox_size=3
2026-04-10 03:33:15,501 | INFO | [gossip] client_3 -> client_2 hop=3 verify=7.734 ms [OK]
2026-04-10 03:33:15,501 | WARNING | [client_2] duplicate gossip ignored from client_2
2026-04-10 03:33:15,501 | INFO | Gossip message from client_2 already forwarded by client_2, skipping
2026-04-10 03:33:15,513 | INFO | [gossip] client_3 -> client_0 hop=3 verify=7.945 ms [OK]
2026-04-10 03:33:15,514 | INFO | [client_0] received gossip from client_2 | inbox_size=3
2026-04-10 03:33:15,514 | INFO | Max hops reached for message from client_2
2026-04-10 03:33:15,517 | INFO | [gossip] client_2 -> client_3 hop=1 verify=6.909 ms [OK]
2026-04-10 03:33:15,517 | WARNING | [client_3] duplicate gossip ignored from client_2
2026-04-10 03:33:15,517 | INFO | Gossip message from client_2 already forwarded by client_3, skipping
2026-04-10 03:33:15,517 | INFO | [gossip] spreading update from client_3
2026-04-10 03:33:15,531 | INFO | [gossip] client_3 -> client_0 hop=1 verify=8.003 ms [OK]
2026-04-10 03:33:15,532 | INFO | [client_0] received gossip from client_3 | inbox_size=4
2026-04-10 03:33:15,535 | INFO | [gossip] client_0 -> client_1 hop=2 verify=6.960 ms [OK]
2026-04-10 03:33:15,535 | INFO | [client_1] received gossip from client_3 | inbox_size=4
2026-04-10 03:33:15,546 | INFO | [gossip] client_1 -> client_3 hop=3 verify=8.746 ms [OK]
2026-04-10 03:33:15,546 | INFO | [client_3] received gossip from client_3 | inbox_size=4
2026-04-10 03:33:15,546 | INFO | Gossip message from client_3 already forwarded by client_3, skipping
2026-04-10 03:33:15,558 | INFO | [gossip] client_1 -> client_2 hop=3 verify=7.205 ms [OK]
2026-04-10 03:33:15,558 | INFO | [client_2] received gossip from client_3 | inbox_size=4
2026-04-10 03:33:15,558 | INFO | Max hops reached for message from client_3
2026-04-10 03:33:15,565 | INFO | [gossip] client_0 -> client_3 hop=2 verify=7.306 ms [OK]
2026-04-10 03:33:15,565 | WARNING | [client_3] duplicate gossip ignored from client_3
2026-04-10 03:33:15,565 | INFO | Gossip message from client_3 already forwarded by client_3, skipping
2026-04-10 03:33:15,575 | INFO | [gossip] client_3 -> client_2 hop=1 verify=7.234 ms [OK]
2026-04-10 03:33:15,576 | WARNING | [client_2] duplicate gossip ignored from client_3
2026-04-10 03:33:15,584 | INFO | [gossip] client_2 -> client_0 hop=2 verify=7.382 ms [OK]
2026-04-10 03:33:15,584 | WARNING | [client_0] duplicate gossip ignored from client_3
2026-04-10 03:33:15,584 | INFO | Gossip message from client_3 already forwarded by client_0, skipping
2026-04-10 03:33:15,593 | INFO | [gossip] client_2 -> client_3 hop=2 verify=7.570 ms [OK]
2026-04-10 03:33:15,594 | WARNING | [client_3] duplicate gossip ignored from client_3
2026-04-10 03:33:15,594 | INFO | Gossip message from client_3 already forwarded by client_3, skipping
2026-04-10 03:33:15,594 | INFO | ------------------------------------------------------
2026-04-10 03:33:15,594 | INFO | Gossip log (fanout=2 max_hops=3)
2026-04-10 03:33:15,595 | INFO | ------------------------------------------------------
2026-04-10 03:33:15,595 | INFO | From         To           Hop   Verify (ms)    Accepted
2026-04-10 03:33:15,595 | INFO | ------------------------------------------------------
2026-04-10 03:33:15,595 | INFO | client_0     client_1     1     8.53           True
2026-04-10 03:33:15,595 | INFO | client_1     client_2     2     10.303         True
2026-04-10 03:33:15,595 | INFO | client_2     client_1     3     8.393          True
2026-04-10 03:33:15,595 | INFO | client_2     client_3     3     8.125          True
2026-04-10 03:33:15,595 | INFO | client_1     client_0     2     7.636          True
2026-04-10 03:33:15,595 | INFO | client_0     client_3     1     7.449          True
2026-04-10 03:33:15,595 | INFO | client_3     client_0     2     7.38           True
2026-04-10 03:33:15,595 | INFO | client_3     client_1     2     8.788          True
2026-04-10 03:33:15,596 | INFO | client_1     client_2     1     7.294          True
2026-04-10 03:33:15,596 | INFO | client_2     client_3     2     8.315          True
2026-04-10 03:33:15,596 | INFO | client_3     client_2     3     7.242          True
2026-04-10 03:33:15,596 | INFO | client_3     client_1     3     7.375          True
2026-04-10 03:33:15,596 | INFO | client_2     client_0     2     7.442          True
2026-04-10 03:33:15,596 | INFO | client_0     client_3     3     7.677          True
2026-04-10 03:33:15,596 | INFO | client_0     client_1     3     7.308          True
2026-04-10 03:33:15,596 | INFO | client_1     client_0     1     7.571          True
2026-04-10 03:33:15,596 | INFO | client_2     client_1     1     7.538          True
2026-04-10 03:33:15,596 | INFO | client_1     client_2     2     7.7            True
2026-04-10 03:33:15,596 | INFO | client_1     client_3     2     7.697          True
2026-04-10 03:33:15,596 | INFO | client_3     client_2     3     7.734          True
2026-04-10 03:33:15,596 | INFO | client_3     client_0     3     7.945          True
2026-04-10 03:33:15,596 | INFO | client_2     client_3     1     6.909          True
2026-04-10 03:33:15,596 | INFO | client_3     client_0     1     8.003          True
2026-04-10 03:33:15,596 | INFO | client_0     client_1     2     6.96           True
2026-04-10 03:33:15,596 | INFO | client_1     client_3     3     8.746          True
2026-04-10 03:33:15,596 | INFO | client_1     client_2     3     7.205          True
2026-04-10 03:33:15,599 | INFO | client_0     client_3     2     7.306          True
2026-04-10 03:33:15,599 | INFO | client_3     client_2     1     7.234          True
2026-04-10 03:33:15,599 | INFO | client_2     client_0     2     7.382          True
2026-04-10 03:33:15,599 | INFO | client_2     client_3     2     7.57           True
2026-04-10 03:33:15,599 | INFO | Total gossip hops: 30
2026-04-10 03:33:15,599 | INFO | Avg gossip verify: 7.759 ms
2026-04-10 03:33:15,599 | INFO | Decentralized aggregation started
2026-04-10 03:33:15,599 | INFO | [client_0] aggregating 5 submission(s)
2026-04-10 03:33:15,602 | INFO | [client_0] local aggregation completed
2026-04-10 03:33:15,602 | INFO | [client_1] aggregating 5 submission(s)
2026-04-10 03:33:15,603 | INFO | [client_1] local aggregation completed
2026-04-10 03:33:15,603 | INFO | [client_2] aggregating 5 submission(s)
2026-04-10 03:33:15,608 | INFO | [client_2] local aggregation completed
2026-04-10 03:33:15,609 | INFO | [client_3] aggregating 5 submission(s)
2026-04-10 03:33:15,612 | INFO | [client_3] local aggregation completed
2026-04-10 03:33:15,612 | INFO | Round 3 execution time: 1.24 seconds
2026-04-10 03:33:15,612 | INFO | Total execution time: 3.67 seconds
2026-04-10 03:33:15,612 | INFO | No server timings available (fully decentralized mode).
